⚠ [next]/internal/font/google/inter_c15e96cb.module.css
Error while requesting resource
There was an issue establishing a connection while requesting https://fonts.googleapis.com/css2?family=Inter:wght@100..900&display=swap

Import trace:
  Server Component:
    [next]/internal/font/google/inter_c15e96cb.module.css
    [next]/internal/font/google/inter_c15e96cb.js
    ./app/layout.tsx


⚠ [next]/internal/font/google/jetbrains_mono_6104e6b7.module.css
Error while requesting resource
There was an issue establishing a connection while requesting https://fonts.googleapis.com/css2?family=JetBrains+Mono:wght@100..800&display=swap

Import trace:
  Server Component:
    [next]/internal/font/google/jetbrains_mono_6104e6b7.module.css
    [next]/internal/font/google/jetbrains_mono_6104e6b7.js
    ./app/layout.tsx


⚠ [next]/internal/font/google/inter_c15e96cb.module.css
next/font: warning:
Failed to download `Inter` from Google Fonts. Using fallback font instead.

Import trace:
  Server Component:
    [next]/internal/font/google/inter_c15e96cb.module.css
    [next]/internal/font/google/inter_c15e96cb.js
    ./app/layout.tsx


⚠ [next]/internal/font/google/jetbrains_mono_6104e6b7.module.css
next/font: warning:
Failed to download `JetBrains Mono` from Google Fonts. Using fallback font instead.

Import trace:
  Server Component:
    [next]/internal/font/google/jetbrains_mono_6104e6b7.module.css
    [next]/internal/font/google/jetbrains_mono_6104e6b7.js
    ./app/layout.tsx


